2026-02-10 12:24:28 [[31merror[39m]: Γ¥î Missing required environment variables: NODE_ENV, PORT, MONGODB_URI, JWT_SECRET, JWT_REFRESH_SECRET, CORS_ORIGIN
2026-02-10 12:24:28 [[33mwarn[39m]: ΓÜá∩╕Å  Redis not configured - caching will be disabled
2026-02-10 12:24:28 [[33mwarn[39m]: ΓÜá∩╕Å  Email not configured - email sending will be disabled
2026-02-10 12:24:28 [[33mwarn[39m]: ΓÜá∩╕Å  Cloudinary not configured - file uploads may fail
2026-02-10 12:24:28 [[33mwarn[39m]: ΓÜá∩╕Å  OpenAI not configured - OPENAI_API_KEY missing. AI generation will return mock content.
2026-02-10 12:24:28 [[33mwarn[39m]: ΓÜá∩╕Å  Google OAuth not configured - GOOGLE_CLIENT_ID and GOOGLE_CLIENT_SECRET missing
node.exe : ΓÜá∩╕Å  
Google OAuth not 
configured - 
GOOGLE_CLIENT_ID and 
GOOGLE_CLIENT_SECRET 
missing
At line:1 char:1
+ & "C:\Program Files
\nodejs/node.exe" 
"C:\Users\Parteek 
Dhiman\AppData ...
+ ~~~~~~~~~~~~~~~~~~~
~~~~~~~~~~~~~~~~~~~~~
~~~~~~~~~~~~~~~~~~~~~
~~~~~~~~
    + CategoryInfo   
           : NotSpe  
  cified: (ΓÜá∩╕Å    
  Google ..._SECR    
ET missing:Strin    
g) [], RemoteExc    
eption
    + FullyQualified 
   ErrorId : Native  
  CommandError
 
ΓÜá∩╕Å  OpenAI not 
configured - 
OPENAI_API_KEY 
missing. AI 
generation will 
return mock content.
Invoking Vercel handler with missing env vars...
Startup failed due 
to configuration 
errors: [
  'Γ¥î Missing 
required environment 
variables: NODE_ENV, 
PORT, MONGODB_URI, 
JWT_SECRET, 
JWT_REFRESH_SECRET, 
CORS_ORIGIN'
]
Response Status: 500
Response JSON: {
  "error": "Server Configuration Error",
  "message": "Missing required environment variables",
  "details": [
    "Γ¥î Missing required environment variables: NODE_ENV, PORT, MONGODB_URI, JWT_SECRET, JWT_REFRESH_SECRET, CORS_ORIGIN"
  ]
}
2026-02-10 12:24:29 [[31merror[39m]: Γ¥î Email transporter error: connect ECONNREFUSED 127.0.0.1:587
